pythia1b router_rank 1.0 0.0 ok
pythia1b router_rank 1.0 0.0001 ok
pythia1b router_rank 0.1 0.0 ok
pythia1b router_rank 0.1 0.0001 ok
pythia1b router_rank 0.01 0.0 ok
pythia1b router_rank 0.01 0.0001 ok
pythia1b router_rank 0.001 0.0 ok
pythia1b router_rank 0.001 0.0001 ok
pythia1b router_interior 1.0 0.0 ok
pythia1b router_interior 1.0 0.0001 ok
pythia1b router_interior 0.1 0.0 ok
pythia1b router_interior 0.1 0.0001 ok
pythia1b router_interior 0.01 0.0 ok
pythia1b router_interior 0.01 0.0001 ok
pythia1b router_interior 0.001 0.0 ok
pythia1b router_interior 0.001 0.0001 ok
pythia1b basis_rank 1.0 0.0 ok
pythia1b basis_rank 1.0 0.0001 ok
pythia1b basis_rank 0.1 0.0 ok
pythia1b basis_rank 0.1 0.0001 ok
pythia1b basis_rank 0.01 0.0 ok
pythia1b basis_rank 0.01 0.0001 ok
pythia1b basis_rank 0.001 0.0 ok
pythia1b basis_rank 0.001 0.0001 ok
qwen4b router_rank 1.0 0.0 ok
qwen4b router_rank 1.0 0.0001 ok
qwen4b router_rank 0.1 0.0 ok
qwen4b router_rank 0.1 0.0001 ok
qwen4b router_rank 0.01 0.0 ok
qwen4b router_rank 0.01 0.0001 ok
qwen4b router_rank 0.001 0.0 ok
qwen4b router_rank 0.001 0.0001 ok
qwen4b router_interior 1.0 0.0 ok
qwen4b router_interior 1.0 0.0001 ok
qwen4b router_interior 0.1 0.0 ok
qwen4b router_interior 0.1 0.0001 ok
qwen4b router_interior 0.01 0.0 ok
qwen4b router_interior 0.01 0.0001 ok
qwen4b router_interior 0.001 0.0 ok
qwen4b router_interior 0.001 0.0001 ok
qwen4b basis_rank 1.0 0.0 ok
qwen4b basis_rank 1.0 0.0001 ok
qwen4b basis_rank 0.1 0.0 ok
qwen4b basis_rank 0.1 0.0001 ok
qwen4b basis_rank 0.01 0.0 ok
qwen4b basis_rank 0.01 0.0001 ok
qwen4b basis_rank 0.001 0.0 ok
qwen4b basis_rank 0.001 0.0001 ok
smol17b router_rank 1.0 0.0 ok
smol17b router_rank 1.0 0.0001 ok
smol17b router_rank 0.1 0.0 ok
smol17b router_rank 0.1 0.0001 ok
smol17b router_rank 0.01 0.0 ok
smol17b router_rank 0.01 0.0001 ok
smol17b router_rank 0.001 0.0 ok
smol17b router_rank 0.001 0.0001 ok
smol17b router_interior 1.0 0.0 ok
smol17b router_interior 1.0 0.0001 ok
smol17b router_interior 0.1 0.0 ok
smol17b router_interior 0.1 0.0001 ok
smol17b router_interior 0.01 0.0 ok
smol17b router_interior 0.01 0.0001 ok
smol17b router_interior 0.001 0.0 ok
smol17b router_interior 0.001 0.0001 ok
smol17b basis_rank 1.0 0.0 ok
smol17b basis_rank 1.0 0.0001 ok
smol17b basis_rank 0.1 0.0 ok
smol17b basis_rank 0.1 0.0001 ok
smol17b basis_rank 0.01 0.0 ok
smol17b basis_rank 0.01 0.0001 ok
smol17b basis_rank 0.001 0.0 ok
smol17b basis_rank 0.001 0.0001 ok
