pythia160m 0 replayed
pythia160m 1 replayed
pythia160m 2 replayed
pythia1b 0 replayed
pythia1b 1 replayed
pythia1b 2 replayed
pythia28b 0 replayed
pythia28b 1 replayed
pythia28b 2 replayed
qwen06b 0 replayed
qwen06b 1 replayed
qwen06b 2 replayed
qwen17b 0 replayed
qwen17b 1 replayed
qwen17b 2 replayed
qwen4b 0 replayed
qwen4b 1 replayed
qwen4b 2 replayed
qwen8b 0 replayed
qwen8b 1 replayed
qwen8b 2 replayed
smol360m 0 replayed
smol360m 1 replayed
smol360m 2 replayed
smol17b 0 replayed
smol17b 1 replayed
smol17b 2 replayed
